// Jest Snapshot v1, https://goo.gl/fbAQLP

exports[`User Template has the correct resources 1`] = `
{
  "Outputs": {
    "UserSecretArn35117ED6": {
      "Export": {
        "Name": "User",
      },
      "Value": {
        "Ref": "UserUserSecret4251AFB1",
      },
    },
  },
  "Parameters": {
    "BootstrapVersion": {
      "Default": "/cdk-bootstrap/hnb659fds/version",
      "Description": "Version of the CDK Bootstrap resources in this environment, automatically retrieved from SSM Parameter Store. [cdk:skip]",
      "Type": "AWS::SSM::Parameter::Value<String>",
    },
  },
  "Resources": {
    "UserAccessKeyCB7DC9A9": {
      "Properties": {
        "UserName": {
          "Ref": "UserFDDCDD17",
        },
      },
      "Type": "AWS::IAM::AccessKey",
    },
    "UserFDDCDD17": {
      "Properties": {
        "UserName": "iamUserWithAccessKeyUsername",
      },
      "Type": "AWS::IAM::User",
    },
    "UserUserSecret4251AFB1": {
      "DeletionPolicy": "Delete",
      "Properties": {
        "GenerateSecretString": {
          "Ref": "AWS::NoValue",
        },
        "SecretString": {
          "Fn::Join": [
            "",
            [
              "{"Access_Key_Id":"",
              {
                "Ref": "UserAccessKeyCB7DC9A9",
              },
              "","Secret_Access_Key":"",
              {
                "Fn::GetAtt": [
                  "UserAccessKeyCB7DC9A9",
                  "SecretAccessKey",
                ],
              },
              ""}",
            ],
          ],
        },
      },
      "Type": "AWS::SecretsManager::Secret",
      "UpdateReplacePolicy": "Delete",
    },
  },
  "Rules": {
    "CheckBootstrapVersion": {
      "Assertions": [
        {
          "Assert": {
            "Fn::Not": [
              {
                "Fn::Contains": [
                  [
                    "1",
                    "2",
                    "3",
                    "4",
                    "5",
                  ],
                  {
                    "Ref": "BootstrapVersion",
                  },
                ],
              },
            ],
          },
          "AssertDescription": "CDK bootstrap stack version 6 required. Please run 'cdk bootstrap' with a recent version of the CDK CLI.",
        },
      ],
    },
  },
}
`;
